#-----------------------------------------------------------
# Vivado v2018.2 (64-bit)
# SW Build 2258646 on Thu Jun 14 20:03:12 MDT 2018
# IP Build 2256618 on Thu Jun 14 22:10:49 MDT 2018
# Start of session at: Sat Jun  3 09:11:56 2023
# Process ID: 9876
# Current directory: D:/Semester 02/Computer Organization And digital Design/New Labs/Micro Processor/InstructionDecoder
# Command line: vivado.exe -gui_launcher_event rodinguilauncherevent2856 D:\Semester 02\Computer Organization And digital Design\New Labs\Micro Processor\InstructionDecoder\InstructionDecoder.xpr
# Log file: D:/Semester 02/Computer Organization And digital Design/New Labs/Micro Processor/InstructionDecoder/vivado.log
# Journal file: D:/Semester 02/Computer Organization And digital Design/New Labs/Micro Processor/InstructionDecoder\vivado.jou
#-----------------------------------------------------------
start_gui
open_project {D:/Semester 02/Computer Organization And digital Design/New Labs/Micro Processor/InstructionDecoder/InstructionDecoder.xpr}
update_compile_order -fileset sources_1
